{
    "Test input channel creation for multiple seeds and networks": {
        "content": [
            {
                "0": [
                    
                ],
                "1": [
                    [
                        {
                            "id": "entrez_seeds_1.entrez_ppi",
                            "seeds_id": "entrez_seeds_1",
                            "network_id": "entrez_ppi"
                        },
                        "/nf-core/test-datasets/diseasemodulediscovery/small/entrez_seeds_1.csv"
                    ],
                    [
                        {
                            "id": "entrez_seeds_1.string.human_physical_links_v12_0_min900.Entrez",
                            "seeds_id": "entrez_seeds_1",
                            "network_id": "string.human_physical_links_v12_0_min900.Entrez"
                        },
                        "/nf-core/test-datasets/diseasemodulediscovery/small/entrez_seeds_1.csv"
                    ],
                    [
                        {
                            "id": "entrez_seeds_2.entrez_ppi",
                            "seeds_id": "entrez_seeds_2",
                            "network_id": "entrez_ppi"
                        },
                        "/nf-core/test-datasets/diseasemodulediscovery/small/entrez_seeds_2.csv"
                    ],
                    [
                        {
                            "id": "entrez_seeds_2.string.human_physical_links_v12_0_min900.Entrez",
                            "seeds_id": "entrez_seeds_2",
                            "network_id": "string.human_physical_links_v12_0_min900.Entrez"
                        },
                        "/nf-core/test-datasets/diseasemodulediscovery/small/entrez_seeds_2.csv"
                    ]
                ],
                "2": [
                    [
                        {
                            "id": "entrez_ppi",
                            "network_id": "entrez_ppi"
                        },
                        "/nf-core/test-datasets/diseasemodulediscovery/small/entrez_ppi.csv"
                    ],
                    [
                        {
                            "id": "string.human_physical_links_v12_0_min900.Entrez",
                            "network_id": "string.human_physical_links_v12_0_min900.Entrez"
                        },
                        "/records/18702264/files/string.human_physical_links_v12_0_min900.Entrez.gt"
                    ]
                ],
                "3": [
                    [
                        {
                            "id": "entrez_ppi",
                            "network_id": "entrez_ppi"
                        },
                        [
                            
                        ]
                    ],
                    [
                        {
                            "id": "string.human_physical_links_v12_0_min900.Entrez",
                            "network_id": "string.human_physical_links_v12_0_min900.Entrez"
                        },
                        [
                            
                        ]
                    ]
                ],
                "network": [
                    [
                        {
                            "id": "entrez_ppi",
                            "network_id": "entrez_ppi"
                        },
                        "/nf-core/test-datasets/diseasemodulediscovery/small/entrez_ppi.csv"
                    ],
                    [
                        {
                            "id": "string.human_physical_links_v12_0_min900.Entrez",
                            "network_id": "string.human_physical_links_v12_0_min900.Entrez"
                        },
                        "/records/18702264/files/string.human_physical_links_v12_0_min900.Entrez.gt"
                    ]
                ],
                "perturbed_networks": [
                    [
                        {
                            "id": "entrez_ppi",
                            "network_id": "entrez_ppi"
                        },
                        [
                            
                        ]
                    ],
                    [
                        {
                            "id": "string.human_physical_links_v12_0_min900.Entrez",
                            "network_id": "string.human_physical_links_v12_0_min900.Entrez"
                        },
                        [
                            
                        ]
                    ]
                ],
                "seeds": [
                    [
                        {
                            "id": "entrez_seeds_1.entrez_ppi",
                            "seeds_id": "entrez_seeds_1",
                            "network_id": "entrez_ppi"
                        },
                        "/nf-core/test-datasets/diseasemodulediscovery/small/entrez_seeds_1.csv"
                    ],
                    [
                        {
                            "id": "entrez_seeds_1.string.human_physical_links_v12_0_min900.Entrez",
                            "seeds_id": "entrez_seeds_1",
                            "network_id": "string.human_physical_links_v12_0_min900.Entrez"
                        },
                        "/nf-core/test-datasets/diseasemodulediscovery/small/entrez_seeds_1.csv"
                    ],
                    [
                        {
                            "id": "entrez_seeds_2.entrez_ppi",
                            "seeds_id": "entrez_seeds_2",
                            "network_id": "entrez_ppi"
                        },
                        "/nf-core/test-datasets/diseasemodulediscovery/small/entrez_seeds_2.csv"
                    ],
                    [
                        {
                            "id": "entrez_seeds_2.string.human_physical_links_v12_0_min900.Entrez",
                            "seeds_id": "entrez_seeds_2",
                            "network_id": "string.human_physical_links_v12_0_min900.Entrez"
                        },
                        "/nf-core/test-datasets/diseasemodulediscovery/small/entrez_seeds_2.csv"
                    ]
                ],
                "versions": [
                    
                ]
            }
        ],
        "timestamp": "2026-08-13T15:49:30.201582825",
        "meta": {
            "nf-test": "0.9.4",
            "nextflow": "26.04.6"
        }
    }
}