{
    "Test input channel creation for multiple seeds and networks": {
        "content": [
            [
                [
                    {
                        "id": "entrez_seeds_1.entrez_ppi",
                        "seeds_id": "entrez_seeds_1",
                        "network_id": "entrez_ppi"
                    },
                    "/nf-core/test-datasets/diseasemodulediscovery/small/entrez_seeds_1.csv"
                ],
                [
                    {
                        "id": "entrez_seeds_1.string.human_physical_links_v12_0_min900.Entrez",
                        "seeds_id": "entrez_seeds_1",
                        "network_id": "string.human_physical_links_v12_0_min900.Entrez"
                    },
                    "/nf-core/test-datasets/diseasemodulediscovery/small/entrez_seeds_1.csv"
                ],
                [
                    {
                        "id": "entrez_seeds_2.entrez_ppi",
                        "seeds_id": "entrez_seeds_2",
                        "network_id": "entrez_ppi"
                    },
                    "/nf-core/test-datasets/diseasemodulediscovery/small/entrez_seeds_2.csv"
                ],
                [
                    {
                        "id": "entrez_seeds_2.string.human_physical_links_v12_0_min900.Entrez",
                        "seeds_id": "entrez_seeds_2",
                        "network_id": "string.human_physical_links_v12_0_min900.Entrez"
                    },
                    "/nf-core/test-datasets/diseasemodulediscovery/small/entrez_seeds_2.csv"
                ]
            ],
            [
                [
                    {
                        "id": "entrez_ppi",
                        "network_id": "entrez_ppi"
                    },
                    "/nf-core/test-datasets/diseasemodulediscovery/small/entrez_ppi.csv"
                ],
                [
                    {
                        "id": "string.human_physical_links_v12_0_min900.Entrez",
                        "network_id": "string.human_physical_links_v12_0_min900.Entrez"
                    },
                    "/records/18702264/files/string.human_physical_links_v12_0_min900.Entrez.gt"
                ]
            ],
            [
                [
                    {
                        "id": "entrez_ppi",
                        "network_id": "entrez_ppi"
                    },
                    "NO_FILE:md5,d41d8cd98f00b204e9800998ecf8427e"
                ],
                [
                    {
                        "id": "string.human_physical_links_v12_0_min900.Entrez",
                        "network_id": "string.human_physical_links_v12_0_min900.Entrez"
                    },
                    "NO_FILE:md5,d41d8cd98f00b204e9800998ecf8427e"
                ]
            ],
            [
                [
                    {
                        "id": "entrez_ppi",
                        "network_id": "entrez_ppi"
                    },
                    [
                        
                    ]
                ],
                [
                    {
                        "id": "string.human_physical_links_v12_0_min900.Entrez",
                        "network_id": "string.human_physical_links_v12_0_min900.Entrez"
                    },
                    [
                        
                    ]
                ]
            ]
        ],
        "timestamp": "2026-07-03T17:10:40.478929953",
        "meta": {
            "nf-test": "0.9.5",
            "nextflow": "26.04.0"
        }
    }
}