{
    "Test prepared networks": {
        "content": [
            {
                "GRAPHTOOLPARSER": {
                    "python": "3.12.13",
                    "graph-tool": 2.77
                },
                "MULTIQCFORMATTER": {
                    "python": "3.12.13"
                },
                "NETWORKANNOTATION": {
                    "python": "3.12.13",
                    "graph-tool": 2.77
                },
                "SAVEMODULES": {
                    "python": "3.12.13",
                    "graph-tool": 2.77,
                    "pandas": "2.2.3"
                },
                "TOPOLOGY": {
                    "python": "3.12.13",
                    "graph-tool": 2.77
                },
                "Workflow": {
                    "nf-core/diseasemodulediscovery": "v1.0.0"
                }
            },
            [
                "disease_modules",
                "disease_modules/graphml",
                "disease_modules/graphml/entrez_seeds_1.biogrid.4_4_242_homo_sapiens.Entrez.no_tool.graphml",
                "disease_modules/graphml/entrez_seeds_1.hippie.v2_3_high_confidence.Entrez.no_tool.graphml",
                "disease_modules/graphml/entrez_seeds_1.hippie.v2_3_medium_confidence.Entrez.no_tool.graphml",
                "disease_modules/graphml/entrez_seeds_1.iid.human.Entrez.no_tool.graphml",
                "disease_modules/graphml/entrez_seeds_1.nedrex.reviewed_proteins_exp.Entrez.no_tool.graphml",
                "disease_modules/graphml/entrez_seeds_1.nedrex.reviewed_proteins_exp_high_confidence.Entrez.no_tool.graphml",
                "disease_modules/graphml/entrez_seeds_1.string.human_links_v12_0_min700.Entrez.no_tool.graphml",
                "disease_modules/graphml/entrez_seeds_1.string.human_links_v12_0_min900.Entrez.no_tool.graphml",
                "disease_modules/graphml/entrez_seeds_1.string.human_physical_links_v12_0_min700.Entrez.no_tool.graphml",
                "disease_modules/graphml/entrez_seeds_1.string.human_physical_links_v12_0_min900.Entrez.no_tool.graphml",
                "disease_modules/gt",
                "disease_modules/gt/entrez_seeds_1.biogrid.4_4_242_homo_sapiens.Entrez.no_tool.gt",
                "disease_modules/gt/entrez_seeds_1.hippie.v2_3_high_confidence.Entrez.no_tool.gt",
                "disease_modules/gt/entrez_seeds_1.hippie.v2_3_medium_confidence.Entrez.no_tool.gt",
                "disease_modules/gt/entrez_seeds_1.iid.human.Entrez.no_tool.gt",
                "disease_modules/gt/entrez_seeds_1.nedrex.reviewed_proteins_exp.Entrez.no_tool.gt",
                "disease_modules/gt/entrez_seeds_1.nedrex.reviewed_proteins_exp_high_confidence.Entrez.no_tool.gt",
                "disease_modules/gt/entrez_seeds_1.string.human_links_v12_0_min700.Entrez.no_tool.gt",
                "disease_modules/gt/entrez_seeds_1.string.human_links_v12_0_min900.Entrez.no_tool.gt",
                "disease_modules/gt/entrez_seeds_1.string.human_physical_links_v12_0_min700.Entrez.no_tool.gt",
                "disease_modules/gt/entrez_seeds_1.string.human_physical_links_v12_0_min900.Entrez.no_tool.gt",
                "disease_modules/tsv_edges",
                "disease_modules/tsv_edges/entrez_seeds_1.biogrid.4_4_242_homo_sapiens.Entrez.no_tool.edges.tsv",
                "disease_modules/tsv_edges/entrez_seeds_1.hippie.v2_3_high_confidence.Entrez.no_tool.edges.tsv",
                "disease_modules/tsv_edges/entrez_seeds_1.hippie.v2_3_medium_confidence.Entrez.no_tool.edges.tsv",
                "disease_modules/tsv_edges/entrez_seeds_1.iid.human.Entrez.no_tool.edges.tsv",
                "disease_modules/tsv_edges/entrez_seeds_1.nedrex.reviewed_proteins_exp.Entrez.no_tool.edges.tsv",
                "disease_modules/tsv_edges/entrez_seeds_1.nedrex.reviewed_proteins_exp_high_confidence.Entrez.no_tool.edges.tsv",
                "disease_modules/tsv_edges/entrez_seeds_1.string.human_links_v12_0_min700.Entrez.no_tool.edges.tsv",
                "disease_modules/tsv_edges/entrez_seeds_1.string.human_links_v12_0_min900.Entrez.no_tool.edges.tsv",
                "disease_modules/tsv_edges/entrez_seeds_1.string.human_physical_links_v12_0_min700.Entrez.no_tool.edges.tsv",
                "disease_modules/tsv_edges/entrez_seeds_1.string.human_physical_links_v12_0_min900.Entrez.no_tool.edges.tsv",
                "disease_modules/tsv_nodes",
                "disease_modules/tsv_nodes/entrez_seeds_1.biogrid.4_4_242_homo_sapiens.Entrez.no_tool.nodes.tsv",
                "disease_modules/tsv_nodes/entrez_seeds_1.hippie.v2_3_high_confidence.Entrez.no_tool.nodes.tsv",
                "disease_modules/tsv_nodes/entrez_seeds_1.hippie.v2_3_medium_confidence.Entrez.no_tool.nodes.tsv",
                "disease_modules/tsv_nodes/entrez_seeds_1.iid.human.Entrez.no_tool.nodes.tsv",
                "disease_modules/tsv_nodes/entrez_seeds_1.nedrex.reviewed_proteins_exp.Entrez.no_tool.nodes.tsv",
                "disease_modules/tsv_nodes/entrez_seeds_1.nedrex.reviewed_proteins_exp_high_confidence.Entrez.no_tool.nodes.tsv",
                "disease_modules/tsv_nodes/entrez_seeds_1.string.human_links_v12_0_min700.Entrez.no_tool.nodes.tsv",
                "disease_modules/tsv_nodes/entrez_seeds_1.string.human_links_v12_0_min900.Entrez.no_tool.nodes.tsv",
                "disease_modules/tsv_nodes/entrez_seeds_1.string.human_physical_links_v12_0_min700.Entrez.no_tool.nodes.tsv",
                "disease_modules/tsv_nodes/entrez_seeds_1.string.human_physical_links_v12_0_min900.Entrez.no_tool.nodes.tsv",
                "input",
                "input/networks",
                "input/networks/biogrid.4_4_242_homo_sapiens.Entrez.gt",
                "input/networks/hippie.v2_3_high_confidence.Entrez.gt",
                "input/networks/hippie.v2_3_medium_confidence.Entrez.gt",
                "input/networks/iid.human.Entrez.gt",
                "input/networks/nedrex.reviewed_proteins_exp.Entrez.gt",
                "input/networks/nedrex.reviewed_proteins_exp_high_confidence.Entrez.gt",
                "input/networks/string.human_links_v12_0_min700.Entrez.gt",
                "input/networks/string.human_links_v12_0_min900.Entrez.gt",
                "input/networks/string.human_physical_links_v12_0_min700.Entrez.gt",
                "input/networks/string.human_physical_links_v12_0_min900.Entrez.gt",
                "input/seeds",
                "input/seeds/entrez_seeds_1.biogrid.4_4_242_homo_sapiens.Entrez.no_tool.gt",
                "input/seeds/entrez_seeds_1.biogrid.4_4_242_homo_sapiens.Entrez.tsv",
                "input/seeds/entrez_seeds_1.hippie.v2_3_high_confidence.Entrez.no_tool.gt",
                "input/seeds/entrez_seeds_1.hippie.v2_3_high_confidence.Entrez.removed.tsv",
                "input/seeds/entrez_seeds_1.hippie.v2_3_high_confidence.Entrez.tsv",
                "input/seeds/entrez_seeds_1.hippie.v2_3_medium_confidence.Entrez.no_tool.gt",
                "input/seeds/entrez_seeds_1.hippie.v2_3_medium_confidence.Entrez.removed.tsv",
                "input/seeds/entrez_seeds_1.hippie.v2_3_medium_confidence.Entrez.tsv",
                "input/seeds/entrez_seeds_1.iid.human.Entrez.no_tool.gt",
                "input/seeds/entrez_seeds_1.iid.human.Entrez.tsv",
                "input/seeds/entrez_seeds_1.nedrex.reviewed_proteins_exp.Entrez.no_tool.gt",
                "input/seeds/entrez_seeds_1.nedrex.reviewed_proteins_exp.Entrez.tsv",
                "input/seeds/entrez_seeds_1.nedrex.reviewed_proteins_exp_high_confidence.Entrez.no_tool.gt",
                "input/seeds/entrez_seeds_1.nedrex.reviewed_proteins_exp_high_confidence.Entrez.removed.tsv",
                "input/seeds/entrez_seeds_1.nedrex.reviewed_proteins_exp_high_confidence.Entrez.tsv",
                "input/seeds/entrez_seeds_1.string.human_links_v12_0_min700.Entrez.no_tool.gt",
                "input/seeds/entrez_seeds_1.string.human_links_v12_0_min700.Entrez.tsv",
                "input/seeds/entrez_seeds_1.string.human_links_v12_0_min900.Entrez.no_tool.gt",
                "input/seeds/entrez_seeds_1.string.human_links_v12_0_min900.Entrez.removed.tsv",
                "input/seeds/entrez_seeds_1.string.human_links_v12_0_min900.Entrez.tsv",
                "input/seeds/entrez_seeds_1.string.human_physical_links_v12_0_min700.Entrez.no_tool.gt",
                "input/seeds/entrez_seeds_1.string.human_physical_links_v12_0_min700.Entrez.removed.tsv",
                "input/seeds/entrez_seeds_1.string.human_physical_links_v12_0_min700.Entrez.tsv",
                "input/seeds/entrez_seeds_1.string.human_physical_links_v12_0_min900.Entrez.no_tool.gt",
                "input/seeds/entrez_seeds_1.string.human_physical_links_v12_0_min900.Entrez.removed.tsv",
                "input/seeds/entrez_seeds_1.string.human_physical_links_v12_0_min900.Entrez.tsv",
                "mqc_summaries",
                "mqc_summaries/input_network_mqc.tsv",
                "mqc_summaries/input_seeds_mqc.tsv",
                "mqc_summaries/node_degree_distribution_mqc.yaml",
                "mqc_summaries/topology_mqc.tsv",
                "multiqc",
                "multiqc/multiqc_data",
                "multiqc/multiqc_data/llms-full.txt",
                "multiqc/multiqc_data/multiqc.log",
                "multiqc/multiqc_data/multiqc.parquet",
                "multiqc/multiqc_data/multiqc_citations.txt",
                "multiqc/multiqc_data/multiqc_data.json",
                "multiqc/multiqc_data/multiqc_general_stats.txt",
                "multiqc/multiqc_data/multiqc_input_network.txt",
                "multiqc/multiqc_data/multiqc_input_seeds.txt",
                "multiqc/multiqc_data/multiqc_network_node_degree_distribution_line_graph.txt",
                "multiqc/multiqc_data/multiqc_network_node_degree_distribution_line_graph_1.txt",
                "multiqc/multiqc_data/multiqc_software_versions.txt",
                "multiqc/multiqc_data/multiqc_sources.txt",
                "multiqc/multiqc_plots",
                "multiqc/multiqc_plots/pdf",
                "multiqc/multiqc_plots/pdf/input_network.pdf",
                "multiqc/multiqc_plots/pdf/input_seeds-cnt.pdf",
                "multiqc/multiqc_plots/pdf/input_seeds-pct.pdf",
                "multiqc/multiqc_plots/pdf/network_node_degree_distribution_line_graph_Counts.pdf",
                "multiqc/multiqc_plots/pdf/network_node_degree_distribution_line_graph_Percentages.pdf",
                "multiqc/multiqc_plots/png",
                "multiqc/multiqc_plots/png/input_network.png",
                "multiqc/multiqc_plots/png/input_seeds-cnt.png",
                "multiqc/multiqc_plots/png/input_seeds-pct.png",
                "multiqc/multiqc_plots/png/network_node_degree_distribution_line_graph_Counts.png",
                "multiqc/multiqc_plots/png/network_node_degree_distribution_line_graph_Percentages.png",
                "multiqc/multiqc_plots/svg",
                "multiqc/multiqc_plots/svg/input_network.svg",
                "multiqc/multiqc_plots/svg/input_seeds-cnt.svg",
                "multiqc/multiqc_plots/svg/input_seeds-pct.svg",
                "multiqc/multiqc_plots/svg/network_node_degree_distribution_line_graph_Counts.svg",
                "multiqc/multiqc_plots/svg/network_node_degree_distribution_line_graph_Percentages.svg",
                "multiqc/multiqc_report.html",
                "pipeline_info",
                "pipeline_info/nf_core_diseasemodulediscovery_software_mqc_versions.yml"
            ],
            [
                "entrez_seeds_1.biogrid.4_4_242_homo_sapiens.Entrez.no_tool.graphml:md5,3a2580292d052e2a5f1166b0f7a0a186",
                "entrez_seeds_1.hippie.v2_3_high_confidence.Entrez.no_tool.graphml:md5,1cf487a96aabfd6262d47926925dbf46",
                "entrez_seeds_1.hippie.v2_3_medium_confidence.Entrez.no_tool.graphml:md5,90520e7298fe6cfb6c44ce3fd6c6347a",
                "entrez_seeds_1.iid.human.Entrez.no_tool.graphml:md5,58202b9a9d14714cbd00d3ef17b420a9",
                "entrez_seeds_1.nedrex.reviewed_proteins_exp.Entrez.no_tool.graphml:md5,00f693678c9fe07969dfc2b6cbb86251",
                "entrez_seeds_1.nedrex.reviewed_proteins_exp_high_confidence.Entrez.no_tool.graphml:md5,d0adbff72dff1f9d5f2cc7d5decec22c",
                "entrez_seeds_1.string.human_links_v12_0_min700.Entrez.no_tool.graphml:md5,e0915c8b08f8cf2d5f67524ac9bce923",
                "entrez_seeds_1.string.human_links_v12_0_min900.Entrez.no_tool.graphml:md5,2663f387e5d0f64a8dcdbbd5038fb558",
                "entrez_seeds_1.string.human_physical_links_v12_0_min700.Entrez.no_tool.graphml:md5,af8511d8b238d10396f6b9ab9eea755b",
                "entrez_seeds_1.string.human_physical_links_v12_0_min900.Entrez.no_tool.graphml:md5,d8fe7c53b891c1d7fe272019b39cccdd",
                "entrez_seeds_1.biogrid.4_4_242_homo_sapiens.Entrez.no_tool.gt:md5,2b0365cb9b3845d0bfd3fa98a7ccd815",
                "entrez_seeds_1.hippie.v2_3_high_confidence.Entrez.no_tool.gt:md5,397299185f78fb5b6a35d7995dc9cc47",
                "entrez_seeds_1.hippie.v2_3_medium_confidence.Entrez.no_tool.gt:md5,eb50e0bd9040ecf6374973c77b8c98f1",
                "entrez_seeds_1.iid.human.Entrez.no_tool.gt:md5,0415f56ac1d6f5a1bf43b28587718b07",
                "entrez_seeds_1.nedrex.reviewed_proteins_exp.Entrez.no_tool.gt:md5,d054133548d76e2d3d7f5d419d36598b",
                "entrez_seeds_1.nedrex.reviewed_proteins_exp_high_confidence.Entrez.no_tool.gt:md5,e2001dd4944fc5ea8275e725382d905d",
                "entrez_seeds_1.string.human_links_v12_0_min700.Entrez.no_tool.gt:md5,378de0399a7f4b05a996e7aa9f598953",
                "entrez_seeds_1.string.human_links_v12_0_min900.Entrez.no_tool.gt:md5,b4af011f476ec7501e34f48e32c52b95",
                "entrez_seeds_1.string.human_physical_links_v12_0_min700.Entrez.no_tool.gt:md5,fd36deaadcd8001c6806d3a71813d2bc",
                "entrez_seeds_1.string.human_physical_links_v12_0_min900.Entrez.no_tool.gt:md5,09e8d3c79ea239620915c13437e83ce0",
                "entrez_seeds_1.biogrid.4_4_242_homo_sapiens.Entrez.no_tool.edges.tsv:md5,6539530493b51c5d7fc3f27ab9c33ba0",
                "entrez_seeds_1.hippie.v2_3_high_confidence.Entrez.no_tool.edges.tsv:md5,6539530493b51c5d7fc3f27ab9c33ba0",
                "entrez_seeds_1.hippie.v2_3_medium_confidence.Entrez.no_tool.edges.tsv:md5,6539530493b51c5d7fc3f27ab9c33ba0",
                "entrez_seeds_1.iid.human.Entrez.no_tool.edges.tsv:md5,1709d80b44fc7745cc971f611717694f",
                "entrez_seeds_1.nedrex.reviewed_proteins_exp.Entrez.no_tool.edges.tsv:md5,6539530493b51c5d7fc3f27ab9c33ba0",
                "entrez_seeds_1.nedrex.reviewed_proteins_exp_high_confidence.Entrez.no_tool.edges.tsv:md5,6539530493b51c5d7fc3f27ab9c33ba0",
                "entrez_seeds_1.string.human_links_v12_0_min700.Entrez.no_tool.edges.tsv:md5,55cde24d74b64504042bb98055c66783",
                "entrez_seeds_1.string.human_links_v12_0_min900.Entrez.no_tool.edges.tsv:md5,33ae792179a57aaf6ae014079a3f4a0d",
                "entrez_seeds_1.string.human_physical_links_v12_0_min700.Entrez.no_tool.edges.tsv:md5,6539530493b51c5d7fc3f27ab9c33ba0",
                "entrez_seeds_1.string.human_physical_links_v12_0_min900.Entrez.no_tool.edges.tsv:md5,6539530493b51c5d7fc3f27ab9c33ba0",
                "entrez_seeds_1.biogrid.4_4_242_homo_sapiens.Entrez.no_tool.nodes.tsv:md5,edf6f989346ae3e7318c4dd11a374d40",
                "entrez_seeds_1.hippie.v2_3_high_confidence.Entrez.no_tool.nodes.tsv:md5,76adc31580ffa1fa225ccf6712f01b96",
                "entrez_seeds_1.hippie.v2_3_medium_confidence.Entrez.no_tool.nodes.tsv:md5,055eeac81e090e1547e1582e989ca35f",
                "entrez_seeds_1.iid.human.Entrez.no_tool.nodes.tsv:md5,9aacdb3bfdbc18478089ade127b9c213",
                "entrez_seeds_1.nedrex.reviewed_proteins_exp.Entrez.no_tool.nodes.tsv:md5,b2926e9b7ef2480c2344107f17c61e7e",
                "entrez_seeds_1.nedrex.reviewed_proteins_exp_high_confidence.Entrez.no_tool.nodes.tsv:md5,25560e0899f8e2156cb252a26542522f",
                "entrez_seeds_1.string.human_links_v12_0_min700.Entrez.no_tool.nodes.tsv:md5,1018c2c17af9f2a71f6375454e51a678",
                "entrez_seeds_1.string.human_links_v12_0_min900.Entrez.no_tool.nodes.tsv:md5,7eb269ebfc8189cf5d4e1f3dd128c06c",
                "entrez_seeds_1.string.human_physical_links_v12_0_min700.Entrez.no_tool.nodes.tsv:md5,eceaa4526aaf9ebd26a5cbc1622dee32",
                "entrez_seeds_1.string.human_physical_links_v12_0_min900.Entrez.no_tool.nodes.tsv:md5,03175ec2b4c5fdf0eb18bee8a6c76203",
                "biogrid.4_4_242_homo_sapiens.Entrez.gt:md5,2785f34f2e26a66371098da3603cf62d",
                "hippie.v2_3_high_confidence.Entrez.gt:md5,917067f02e1d46173b1a5a3a3524729d",
                "hippie.v2_3_medium_confidence.Entrez.gt:md5,80f1cdea87caaf3b08f9b1ad98aee072",
                "iid.human.Entrez.gt:md5,e77f7184cf39ee0165f24d965525e000",
                "nedrex.reviewed_proteins_exp.Entrez.gt:md5,0f90b8a4b2576366ec9590d12df27895",
                "nedrex.reviewed_proteins_exp_high_confidence.Entrez.gt:md5,1d1fc738335698b318581546c9160d19",
                "string.human_links_v12_0_min700.Entrez.gt:md5,fc167857b6807f3709d795561f66799f",
                "string.human_links_v12_0_min900.Entrez.gt:md5,8e2b6796429ebb95b2fcbabd9aade47e",
                "string.human_physical_links_v12_0_min700.Entrez.gt:md5,e38fbd3b87b4787edc996bbadc43c0bb",
                "string.human_physical_links_v12_0_min900.Entrez.gt:md5,571b61e562dcb7b35e0578ac5b5a20c6",
                "entrez_seeds_1.biogrid.4_4_242_homo_sapiens.Entrez.no_tool.gt:md5,617dedf6eac29576fd23a4f443466ea9",
                "entrez_seeds_1.biogrid.4_4_242_homo_sapiens.Entrez.tsv:md5,1291b36e8add2d6ef0b8b72f7889016b",
                "entrez_seeds_1.hippie.v2_3_high_confidence.Entrez.no_tool.gt:md5,3cccf2f5f2bd4ff2ba7e435656253ed6",
                "entrez_seeds_1.hippie.v2_3_high_confidence.Entrez.removed.tsv:md5,6c11ec1478a5c551b95aa3ae70dff007",
                "entrez_seeds_1.hippie.v2_3_high_confidence.Entrez.tsv:md5,9ac36448f8b3a33b15be3e5a9c0a8f29",
                "entrez_seeds_1.hippie.v2_3_medium_confidence.Entrez.no_tool.gt:md5,c43bcf68b11c5e8ac2bf5865f3e5adb7",
                "entrez_seeds_1.hippie.v2_3_medium_confidence.Entrez.removed.tsv:md5,6c11ec1478a5c551b95aa3ae70dff007",
                "entrez_seeds_1.hippie.v2_3_medium_confidence.Entrez.tsv:md5,9ac36448f8b3a33b15be3e5a9c0a8f29",
                "entrez_seeds_1.iid.human.Entrez.no_tool.gt:md5,05e6d08b70cc48b7dc5aa94f7bc4faff",
                "entrez_seeds_1.iid.human.Entrez.tsv:md5,1291b36e8add2d6ef0b8b72f7889016b",
                "entrez_seeds_1.nedrex.reviewed_proteins_exp.Entrez.no_tool.gt:md5,617dedf6eac29576fd23a4f443466ea9",
                "entrez_seeds_1.nedrex.reviewed_proteins_exp.Entrez.tsv:md5,1291b36e8add2d6ef0b8b72f7889016b",
                "entrez_seeds_1.nedrex.reviewed_proteins_exp_high_confidence.Entrez.no_tool.gt:md5,a2351c54ad8a1363ca7c0d304d15e138",
                "entrez_seeds_1.nedrex.reviewed_proteins_exp_high_confidence.Entrez.removed.tsv:md5,de0d0cca9b16c63f534b459949e5e288",
                "entrez_seeds_1.nedrex.reviewed_proteins_exp_high_confidence.Entrez.tsv:md5,7b0d32ac69cd6234fa48181fdc842f15",
                "entrez_seeds_1.string.human_links_v12_0_min700.Entrez.no_tool.gt:md5,2aaedba405ce5add64743a95b3fc63e9",
                "entrez_seeds_1.string.human_links_v12_0_min700.Entrez.tsv:md5,1291b36e8add2d6ef0b8b72f7889016b",
                "entrez_seeds_1.string.human_links_v12_0_min900.Entrez.no_tool.gt:md5,1bbc4481b82561cdabc033583e1c5817",
                "entrez_seeds_1.string.human_links_v12_0_min900.Entrez.removed.tsv:md5,261104cbe0eceac00eaf4bf5d685b0cf",
                "entrez_seeds_1.string.human_links_v12_0_min900.Entrez.tsv:md5,2e42adabcf5db49b42eefd28b01996ca",
                "entrez_seeds_1.string.human_physical_links_v12_0_min700.Entrez.no_tool.gt:md5,dc4e3447ff3c3104b273ce9649859266",
                "entrez_seeds_1.string.human_physical_links_v12_0_min700.Entrez.removed.tsv:md5,35baa4b41a3ac3c0179ebf7a7b12c69a",
                "entrez_seeds_1.string.human_physical_links_v12_0_min700.Entrez.tsv:md5,460544ce348e8b005286bf7cfbb0dffc",
                "entrez_seeds_1.string.human_physical_links_v12_0_min900.Entrez.no_tool.gt:md5,ce480caac1bf6179767e36e158de5b54",
                "entrez_seeds_1.string.human_physical_links_v12_0_min900.Entrez.removed.tsv:md5,ddd8417def804350588462d17009a86c",
                "entrez_seeds_1.string.human_physical_links_v12_0_min900.Entrez.tsv:md5,02db10b77163f5712002c83080186cef",
                "input_network_mqc.tsv:md5,39110a4ca814d6923613e5e27f5ff01b",
                "input_seeds_mqc.tsv:md5,e00e566a286540d7559ee5d95decdfc2",
                "node_degree_distribution_mqc.yaml:md5,9bc45460b748c4a7276973cdb6e6de8d"
            ]
        ],
        "timestamp": "2026-06-30T19:12:23.998470919",
        "meta": {
            "nf-test": "0.9.5",
            "nextflow": "26.04.0"
        }
    }
}